[2026-09-25][17:51:26][DEBUG] Using OSS cad suite from "/home/jaspar/.local/share/swim/bin/oss-cad-suite/bin"
[2026-09-25][17:51:26][DEBUG] Set PATH to Some("/home/jaspar/.local/share/swim/bin/oss-cad-suite/bin:/home/jaspar/.cargo/bin:/home/jaspar/.local/bin:/home/jaspar/bin:/usr/local/bin:/usr/bin:/bin")
[2026-09-25][17:51:26][DEBUG] Built-in command Args { command: Build, quiet: false, wrap_spadec: None, wrapper_args: [], spadec_debug: false, rustflags: None, debug_spadec: false, profile_spadec: false, skip_surfer_plugin: false, override_compiler: None, num_threads: None, use_system_tools: false }
[2026-09-25][17:51:26][INFO] Cloning "spade"
[2026-09-25][17:51:26][DEBUG] cd "/home/jaspar/spade/tinyspad/tinyspad/build/spade" && "git" "clone" "--origin" "origin" "https://codeberg.org/spade-lang/spade.git" "/home/jaspar/spade/tinyspad/tinyspad/build/spade"
working dir: Some("/home/jaspar/spade/tinyspad/tinyspad/build/spade")
[2026-09-25][17:51:30][DEBUG] cd "/home/jaspar/spade/tinyspad/tinyspad/build/spade" && "git" "diff" "--exit-code"
working dir: Some("/home/jaspar/spade/tinyspad/tinyspad/build/spade")
[2026-09-25][17:51:30][DEBUG] cd "/home/jaspar/spade/tinyspad/tinyspad/build/spade" && "git" "checkout" "--detach" "--force" "refs/remotes/origin/main" "--"
working dir: Some("/home/jaspar/spade/tinyspad/tinyspad/build/spade")
[2026-09-25][17:51:31][DEBUG] cd "/home/jaspar/spade/tinyspad/tinyspad/build/spade" && "git" "rev-parse" "HEAD"
working dir: Some("/home/jaspar/spade/tinyspad/tinyspad/build/spade")
[2026-09-25][17:51:31][DEBUG] [stdout]:
5340229660e7eaef542397d7835aded41753de80

[2026-09-25][17:51:31][DEBUG] Dropping lock file LockFileRef { inner: LockFile { libraries: None, plugins: None, spade: Some(LockFileLibrary { commit: "5340229660e7eaef542397d7835aded41753de80", seen: true }) }, path: "/home/jaspar/spade/tinyspad/tinyspad/swim.lock" }
[2026-09-25][17:51:31][DEBUG] starting new connection: https://codeberg.org/
[2026-09-25][17:51:31][INFO] Starting Downloading Spade compiler (fetching workflow runs)
[2026-09-25][17:51:33][DEBUG] starting new connection: https://codeberg.org/
[2026-09-25][17:51:33][INFO] Starting Downloading surfer plugin (fetching workflow runs)
[2026-09-25][17:51:33][DEBUG] Dropping lock file LockFileRef { inner: LockFile { libraries: None, plugins: None, spade: Some(LockFileLibrary { commit: "5340229660e7eaef542397d7835aded41753de80", seen: false }) }, path: "/home/jaspar/spade/tinyspad/tinyspad/swim.lock" }
[2026-09-25][17:51:33][DEBUG] Opened LockFileRef { inner: LockFile { libraries: None, plugins: None, spade: Some(LockFileLibrary { commit: "5340229660e7eaef542397d7835aded41753de80", seen: false }) }, path: "/home/jaspar/spade/tinyspad/tinyspad/swim.lock" }
[2026-09-25][17:51:33][DEBUG] Dropping lock file LockFileRef { inner: LockFile { libraries: None, plugins: None, spade: Some(LockFileLibrary { commit: "5340229660e7eaef542397d7835aded41753de80", seen: false }) }, path: "/home/jaspar/spade/tinyspad/tinyspad/swim.lock" }
[2026-09-25][17:51:55][DEBUG] Using OSS cad suite from "/home/jaspar/.local/share/swim/bin/oss-cad-suite/bin"
[2026-09-25][17:51:55][DEBUG] Set PATH to Some("/home/jaspar/.local/share/swim/bin/oss-cad-suite/bin:/home/jaspar/.cargo/bin:/home/jaspar/.local/bin:/home/jaspar/bin:/usr/local/bin:/usr/bin:/bin")
[2026-09-25][17:51:55][DEBUG] Built-in command Args { command: Build, quiet: false, wrap_spadec: None, wrapper_args: [], spadec_debug: false, rustflags: None, debug_spadec: false, profile_spadec: false, skip_surfer_plugin: false, override_compiler: None, num_threads: None, use_system_tools: false }
[2026-09-25][17:51:55][DEBUG] Exists in lock file
[2026-09-25][17:51:55][DEBUG] cd "/home/jaspar/spade/tinyspad/tinyspad/build/spade" && "git" "diff" "--exit-code"
working dir: Some("/home/jaspar/spade/tinyspad/tinyspad/build/spade")
[2026-09-25][17:51:55][DEBUG] cd "/home/jaspar/spade/tinyspad/tinyspad/build/spade" && "git" "checkout" "--detach" "--force" "5340229660e7eaef542397d7835aded41753de80" "--"
working dir: Some("/home/jaspar/spade/tinyspad/tinyspad/build/spade")
[2026-09-25][17:51:55][DEBUG] cd "/home/jaspar/spade/tinyspad/tinyspad/build/spade" && "git" "rev-parse" "HEAD"
working dir: Some("/home/jaspar/spade/tinyspad/tinyspad/build/spade")
[2026-09-25][17:51:55][DEBUG] [stdout]:
5340229660e7eaef542397d7835aded41753de80

[2026-09-25][17:51:55][DEBUG] Dropping lock file LockFileRef { inner: LockFile { libraries: None, plugins: None, spade: Some(LockFileLibrary { commit: "5340229660e7eaef542397d7835aded41753de80", seen: true }) }, path: "/home/jaspar/spade/tinyspad/tinyspad/swim.lock" }
[2026-09-25][17:51:55][DEBUG] Dropping lock file LockFileRef { inner: LockFile { libraries: None, plugins: None, spade: Some(LockFileLibrary { commit: "5340229660e7eaef542397d7835aded41753de80", seen: false }) }, path: "/home/jaspar/spade/tinyspad/tinyspad/swim.lock" }
[2026-09-25][17:51:55][DEBUG] Opened LockFileRef { inner: LockFile { libraries: None, plugins: None, spade: Some(LockFileLibrary { commit: "5340229660e7eaef542397d7835aded41753de80", seen: false }) }, path: "/home/jaspar/spade/tinyspad/tinyspad/swim.lock" }
[2026-09-25][17:51:55][DEBUG] Dropping lock file LockFileRef { inner: LockFile { libraries: None, plugins: None, spade: Some(LockFileLibrary { commit: "5340229660e7eaef542397d7835aded41753de80", seen: false }) }, path: "/home/jaspar/spade/tinyspad/tinyspad/swim.lock" }
[2026-09-25][17:52:04][DEBUG] Using OSS cad suite from "/home/jaspar/.local/share/swim/bin/oss-cad-suite/bin"
[2026-09-25][17:52:04][DEBUG] Set PATH to Some("/home/jaspar/.local/share/swim/bin/oss-cad-suite/bin:/home/jaspar/.cargo/bin:/home/jaspar/.local/bin:/home/jaspar/bin:/usr/local/bin:/usr/bin:/bin")
[2026-09-25][17:52:04][DEBUG] Built-in command Args { command: Build, quiet: false, wrap_spadec: None, wrapper_args: [], spadec_debug: false, rustflags: None, debug_spadec: false, profile_spadec: false, skip_surfer_plugin: false, override_compiler: None, num_threads: None, use_system_tools: false }
[2026-09-25][17:52:04][DEBUG] Exists in lock file
[2026-09-25][17:52:04][DEBUG] cd "/home/jaspar/spade/tinyspad/tinyspad/build/spade" && "git" "diff" "--exit-code"
working dir: Some("/home/jaspar/spade/tinyspad/tinyspad/build/spade")
[2026-09-25][17:52:04][DEBUG] cd "/home/jaspar/spade/tinyspad/tinyspad/build/spade" && "git" "checkout" "--detach" "--force" "5340229660e7eaef542397d7835aded41753de80" "--"
working dir: Some("/home/jaspar/spade/tinyspad/tinyspad/build/spade")
[2026-09-25][17:52:04][DEBUG] cd "/home/jaspar/spade/tinyspad/tinyspad/build/spade" && "git" "rev-parse" "HEAD"
working dir: Some("/home/jaspar/spade/tinyspad/tinyspad/build/spade")
[2026-09-25][17:52:04][DEBUG] [stdout]:
5340229660e7eaef542397d7835aded41753de80

[2026-09-25][17:52:04][DEBUG] Dropping lock file LockFileRef { inner: LockFile { libraries: None, plugins: None, spade: Some(LockFileLibrary { commit: "5340229660e7eaef542397d7835aded41753de80", seen: true }) }, path: "/home/jaspar/spade/tinyspad/tinyspad/swim.lock" }
[2026-09-25][17:52:05][DEBUG] Dropping lock file LockFileRef { inner: LockFile { libraries: None, plugins: None, spade: Some(LockFileLibrary { commit: "5340229660e7eaef542397d7835aded41753de80", seen: false }) }, path: "/home/jaspar/spade/tinyspad/tinyspad/swim.lock" }
[2026-09-25][17:52:05][DEBUG] Opened LockFileRef { inner: LockFile { libraries: None, plugins: None, spade: Some(LockFileLibrary { commit: "5340229660e7eaef542397d7835aded41753de80", seen: false }) }, path: "/home/jaspar/spade/tinyspad/tinyspad/swim.lock" }
[2026-09-25][17:52:05][DEBUG] Dropping lock file LockFileRef { inner: LockFile { libraries: None, plugins: None, spade: Some(LockFileLibrary { commit: "5340229660e7eaef542397d7835aded41753de80", seen: false }) }, path: "/home/jaspar/spade/tinyspad/tinyspad/swim.lock" }
[2026-09-25][17:52:05][INFO] Building spade code
[2026-09-25][17:52:05][INFO] Built /home/jaspar/spade/tinyspad/tinyspad/build/spade.sv
[2026-09-25][17:52:17][DEBUG] Using OSS cad suite from "/home/jaspar/.local/share/swim/bin/oss-cad-suite/bin"
[2026-09-25][17:52:17][DEBUG] Set PATH to Some("/home/jaspar/.local/share/swim/bin/oss-cad-suite/bin:/home/jaspar/.cargo/bin:/home/jaspar/.local/bin:/home/jaspar/bin:/usr/local/bin:/usr/bin:/bin")
[2026-09-25][17:52:17][DEBUG] Built-in command Args { command: Build, quiet: false, wrap_spadec: None, wrapper_args: [], spadec_debug: false, rustflags: None, debug_spadec: false, profile_spadec: false, skip_surfer_plugin: false, override_compiler: None, num_threads: None, use_system_tools: false }
[2026-09-25][17:52:17][DEBUG] Exists in lock file
[2026-09-25][17:52:17][DEBUG] cd "/home/jaspar/spade/tinyspad/tinyspad/build/spade" && "git" "diff" "--exit-code"
working dir: Some("/home/jaspar/spade/tinyspad/tinyspad/build/spade")
[2026-09-25][17:52:17][DEBUG] cd "/home/jaspar/spade/tinyspad/tinyspad/build/spade" && "git" "checkout" "--detach" "--force" "5340229660e7eaef542397d7835aded41753de80" "--"
working dir: Some("/home/jaspar/spade/tinyspad/tinyspad/build/spade")
[2026-09-25][17:52:17][DEBUG] cd "/home/jaspar/spade/tinyspad/tinyspad/build/spade" && "git" "rev-parse" "HEAD"
working dir: Some("/home/jaspar/spade/tinyspad/tinyspad/build/spade")
[2026-09-25][17:52:17][DEBUG] [stdout]:
5340229660e7eaef542397d7835aded41753de80

[2026-09-25][17:52:17][DEBUG] Dropping lock file LockFileRef { inner: LockFile { libraries: None, plugins: None, spade: Some(LockFileLibrary { commit: "5340229660e7eaef542397d7835aded41753de80", seen: true }) }, path: "/home/jaspar/spade/tinyspad/tinyspad/swim.lock" }
[2026-09-25][17:52:17][DEBUG] Dropping lock file LockFileRef { inner: LockFile { libraries: None, plugins: None, spade: Some(LockFileLibrary { commit: "5340229660e7eaef542397d7835aded41753de80", seen: false }) }, path: "/home/jaspar/spade/tinyspad/tinyspad/swim.lock" }
[2026-09-25][17:52:17][DEBUG] Opened LockFileRef { inner: LockFile { libraries: None, plugins: None, spade: Some(LockFileLibrary { commit: "5340229660e7eaef542397d7835aded41753de80", seen: false }) }, path: "/home/jaspar/spade/tinyspad/tinyspad/swim.lock" }
[2026-09-25][17:52:17][DEBUG] Dropping lock file LockFileRef { inner: LockFile { libraries: None, plugins: None, spade: Some(LockFileLibrary { commit: "5340229660e7eaef542397d7835aded41753de80", seen: false }) }, path: "/home/jaspar/spade/tinyspad/tinyspad/swim.lock" }
[2026-09-25][17:52:17][INFO] /home/jaspar/spade/tinyspad/tinyspad/build/spade.sv is up to date
[2026-09-25][17:54:49][DEBUG] Using OSS cad suite from "/home/jaspar/.local/share/swim/bin/oss-cad-suite/bin"
[2026-09-25][17:54:49][DEBUG] Set PATH to Some("/home/jaspar/.local/share/swim/bin/oss-cad-suite/bin:/home/jaspar/.cargo/bin:/home/jaspar/.local/bin:/home/jaspar/bin:/usr/local/bin:/usr/bin:/bin")
[2026-09-25][17:54:49][DEBUG] Built-in command Args { command: Build, quiet: false, wrap_spadec: None, wrapper_args: [], spadec_debug: false, rustflags: None, debug_spadec: false, profile_spadec: false, skip_surfer_plugin: false, override_compiler: None, num_threads: None, use_system_tools: false }
[2026-09-25][17:54:49][DEBUG] Exists in lock file
[2026-09-25][17:54:49][DEBUG] cd "/home/jaspar/spade/tinyspad/tinyspad/build/spade" && "git" "diff" "--exit-code"
working dir: Some("/home/jaspar/spade/tinyspad/tinyspad/build/spade")
[2026-09-25][17:54:49][DEBUG] cd "/home/jaspar/spade/tinyspad/tinyspad/build/spade" && "git" "checkout" "--detach" "--force" "5340229660e7eaef542397d7835aded41753de80" "--"
working dir: Some("/home/jaspar/spade/tinyspad/tinyspad/build/spade")
[2026-09-25][17:54:49][DEBUG] cd "/home/jaspar/spade/tinyspad/tinyspad/build/spade" && "git" "rev-parse" "HEAD"
working dir: Some("/home/jaspar/spade/tinyspad/tinyspad/build/spade")
[2026-09-25][17:54:49][DEBUG] [stdout]:
5340229660e7eaef542397d7835aded41753de80

[2026-09-25][17:54:49][DEBUG] Dropping lock file LockFileRef { inner: LockFile { libraries: None, plugins: None, spade: Some(LockFileLibrary { commit: "5340229660e7eaef542397d7835aded41753de80", seen: true }) }, path: "/home/jaspar/spade/tinyspad/tinyspad/swim.lock" }
[2026-09-25][17:54:49][DEBUG] Dropping lock file LockFileRef { inner: LockFile { libraries: None, plugins: None, spade: Some(LockFileLibrary { commit: "5340229660e7eaef542397d7835aded41753de80", seen: false }) }, path: "/home/jaspar/spade/tinyspad/tinyspad/swim.lock" }
[2026-09-25][17:54:49][DEBUG] Opened LockFileRef { inner: LockFile { libraries: None, plugins: None, spade: Some(LockFileLibrary { commit: "5340229660e7eaef542397d7835aded41753de80", seen: false }) }, path: "/home/jaspar/spade/tinyspad/tinyspad/swim.lock" }
[2026-09-25][17:54:49][DEBUG] Dropping lock file LockFileRef { inner: LockFile { libraries: None, plugins: None, spade: Some(LockFileLibrary { commit: "5340229660e7eaef542397d7835aded41753de80", seen: false }) }, path: "/home/jaspar/spade/tinyspad/tinyspad/swim.lock" }
[2026-09-25][17:55:03][DEBUG] Using OSS cad suite from "/home/jaspar/.local/share/swim/bin/oss-cad-suite/bin"
[2026-09-25][17:55:03][DEBUG] Set PATH to Some("/home/jaspar/.local/share/swim/bin/oss-cad-suite/bin:/home/jaspar/.cargo/bin:/home/jaspar/.local/bin:/home/jaspar/bin:/usr/local/bin:/usr/bin:/bin")
[2026-09-25][17:55:03][DEBUG] Built-in command Args { command: Build, quiet: false, wrap_spadec: None, wrapper_args: [], spadec_debug: false, rustflags: None, debug_spadec: false, profile_spadec: false, skip_surfer_plugin: false, override_compiler: None, num_threads: None, use_system_tools: false }
[2026-09-25][17:55:03][DEBUG] Exists in lock file
[2026-09-25][17:55:03][DEBUG] cd "/home/jaspar/spade/tinyspad/tinyspad/build/spade" && "git" "diff" "--exit-code"
working dir: Some("/home/jaspar/spade/tinyspad/tinyspad/build/spade")
[2026-09-25][17:55:03][DEBUG] cd "/home/jaspar/spade/tinyspad/tinyspad/build/spade" && "git" "checkout" "--detach" "--force" "5340229660e7eaef542397d7835aded41753de80" "--"
working dir: Some("/home/jaspar/spade/tinyspad/tinyspad/build/spade")
[2026-09-25][17:55:03][DEBUG] cd "/home/jaspar/spade/tinyspad/tinyspad/build/spade" && "git" "rev-parse" "HEAD"
working dir: Some("/home/jaspar/spade/tinyspad/tinyspad/build/spade")
[2026-09-25][17:55:03][DEBUG] [stdout]:
5340229660e7eaef542397d7835aded41753de80

[2026-09-25][17:55:03][DEBUG] Dropping lock file LockFileRef { inner: LockFile { libraries: None, plugins: None, spade: Some(LockFileLibrary { commit: "5340229660e7eaef542397d7835aded41753de80", seen: true }) }, path: "/home/jaspar/spade/tinyspad/tinyspad/swim.lock" }
[2026-09-25][17:55:03][DEBUG] Dropping lock file LockFileRef { inner: LockFile { libraries: None, plugins: None, spade: Some(LockFileLibrary { commit: "5340229660e7eaef542397d7835aded41753de80", seen: false }) }, path: "/home/jaspar/spade/tinyspad/tinyspad/swim.lock" }
[2026-09-25][17:55:03][DEBUG] Opened LockFileRef { inner: LockFile { libraries: None, plugins: None, spade: Some(LockFileLibrary { commit: "5340229660e7eaef542397d7835aded41753de80", seen: false }) }, path: "/home/jaspar/spade/tinyspad/tinyspad/swim.lock" }
[2026-09-25][17:55:03][DEBUG] Dropping lock file LockFileRef { inner: LockFile { libraries: None, plugins: None, spade: Some(LockFileLibrary { commit: "5340229660e7eaef542397d7835aded41753de80", seen: false }) }, path: "/home/jaspar/spade/tinyspad/tinyspad/swim.lock" }
[2026-09-25][17:55:03][INFO] /home/jaspar/spade/tinyspad/tinyspad/build/spade.sv is up to date
[2026-09-25][17:56:10][DEBUG] Using OSS cad suite from "/home/jaspar/.local/share/swim/bin/oss-cad-suite/bin"
[2026-09-25][17:56:10][DEBUG] Set PATH to Some("/home/jaspar/.local/share/swim/bin/oss-cad-suite/bin:/home/jaspar/.cargo/bin:/home/jaspar/.local/bin:/home/jaspar/bin:/usr/local/bin:/usr/bin:/bin")
[2026-09-25][17:56:10][DEBUG] Built-in command Args { command: Synth { yosys_command_file: None }, quiet: false, wrap_spadec: None, wrapper_args: [], spadec_debug: false, rustflags: None, debug_spadec: false, profile_spadec: false, skip_surfer_plugin: false, override_compiler: None, num_threads: None, use_system_tools: false }
[2026-09-25][17:56:10][DEBUG] Exists in lock file
[2026-09-25][17:56:10][DEBUG] cd "/home/jaspar/spade/tinyspad/tinyspad/build/spade" && "git" "diff" "--exit-code"
working dir: Some("/home/jaspar/spade/tinyspad/tinyspad/build/spade")
[2026-09-25][17:56:10][DEBUG] cd "/home/jaspar/spade/tinyspad/tinyspad/build/spade" && "git" "checkout" "--detach" "--force" "5340229660e7eaef542397d7835aded41753de80" "--"
working dir: Some("/home/jaspar/spade/tinyspad/tinyspad/build/spade")
[2026-09-25][17:56:10][DEBUG] cd "/home/jaspar/spade/tinyspad/tinyspad/build/spade" && "git" "rev-parse" "HEAD"
working dir: Some("/home/jaspar/spade/tinyspad/tinyspad/build/spade")
[2026-09-25][17:56:10][DEBUG] [stdout]:
5340229660e7eaef542397d7835aded41753de80

[2026-09-25][17:56:10][DEBUG] Dropping lock file LockFileRef { inner: LockFile { libraries: None, plugins: None, spade: Some(LockFileLibrary { commit: "5340229660e7eaef542397d7835aded41753de80", seen: true }) }, path: "/home/jaspar/spade/tinyspad/tinyspad/swim.lock" }
[2026-09-25][17:56:10][DEBUG] Dropping lock file LockFileRef { inner: LockFile { libraries: None, plugins: None, spade: Some(LockFileLibrary { commit: "5340229660e7eaef542397d7835aded41753de80", seen: false }) }, path: "/home/jaspar/spade/tinyspad/tinyspad/swim.lock" }
[2026-09-25][17:56:10][DEBUG] Opened LockFileRef { inner: LockFile { libraries: None, plugins: None, spade: Some(LockFileLibrary { commit: "5340229660e7eaef542397d7835aded41753de80", seen: false }) }, path: "/home/jaspar/spade/tinyspad/tinyspad/swim.lock" }
[2026-09-25][17:56:10][DEBUG] Dropping lock file LockFileRef { inner: LockFile { libraries: None, plugins: None, spade: Some(LockFileLibrary { commit: "5340229660e7eaef542397d7835aded41753de80", seen: false }) }, path: "/home/jaspar/spade/tinyspad/tinyspad/swim.lock" }
[2026-09-25][17:56:10][INFO] /home/jaspar/spade/tinyspad/tinyspad/build/spade.sv is up to date
